register normalizers/mysql
[[0,0.0,0.0],true]
normalize NormalizerMySQLUnicode520CIExceptKanaCIKanaWithVoicedSoundMark   "ァィゥェォッャュョヮ"
[
  [
    0,
    0.0,
    0.0
  ],
  {
    "normalized": "ぁぃぅぇぉっゃゅょゎ",
    "types": [],
    "checks": []
  }
]
