register normalizers/mysql
[[0,0.0,0.0],true]
normalize   'NormalizerMySQLUnicode("version", "14.0.0", "case_sensitive", true)'   "AÀÁÂÃÄÅaàáâãäåĀāĂăĄą"
[[0,0.0,0.0],{"normalized":"AAAAAAAaaaaaaaAaAaAa","types":[],"checks":[]}]
