register normalizers/mysql
[[0,0.0,0.0],true]
normalize   'NormalizerMySQLUnicode("version", "14.0.0", "case_sensitive", true)'   "はハ"
[[0,0.0,0.0],{"normalized":"はハ","types":[],"checks":[]}]
