register normalizers/mysql
[[0,0.0,0.0],true]
normalize   'NormalizerMySQLUnicode("version", "14.0.0")'   "AÀÁÂÃÄÅaàáâãäåĀāĂăĄą"
[[0,0.0,0.0],{"normalized":"AAAAAAAAAAAAAAAAAAAA","types":[],"checks":[]}]
