register normalizers/mysql
[[0,0.0,0.0],true]
normalize   'NormalizerMySQLUnicode("version", "14.0.0")'   "ﾊ"
[[0,0.0,0.0],{"normalized":"は","types":[],"checks":[]}]
