register normalizers/mysql
[[0,0.0,0.0],true]
normalize   'NormalizerMySQLUnicode("version", "14.0.0")'   "よょ"
[[0,0.0,0.0],{"normalized":"ょょ","types":[],"checks":[]}]
