register normalizers/mysql
[[0,0.0,0.0],true]
normalize   'NormalizerMySQLUnicode("version", "14.0.0", "accent_sensitive", true, "case_sensitive", true)'   "ょ"
[[0,0.0,0.0],{"normalized":"ょ","types":[],"checks":[]}]
