register normalizers/mysql
[[0,0.0,0.0],true]
normalize   'NormalizerMySQLUnicode("version", "9.0.0")'   "はハ"
[[0,0.0,0.0],{"normalized":"はは","types":[],"checks":[]}]
