register normalizers/mysql
[[0,0.0,0.0],true]
normalize   'NormalizerMySQLUnicode("version", "9.0.0")'   "ょ"
[[0,0.0,0.0],{"normalized":"よ","types":[],"checks":[]}]
