register normalizers/mysql
[[0,0.0,0.0],true]
normalize NormalizerMySQLUnicodeCIExceptKanaCIKanaWithVoicedSoundMark   "ｧｨｩｪｫｯｬｭｮ"
[
  [
    0,
    0.0,
    0.0
  ],
  {
    "normalized": "ぁぃぅぇぉっゃゅょ",
    "types": [],
    "checks": []
  }
]
