register normalizers/mysql
[[0,0.0,0.0],true]
normalize NormalizerMySQLUnicodeCIExceptKanaCIKanaWithVoicedSoundMark   "ガギグゲゴザジズゼゾダヂヅデドバビブベボ"
[
  [
    0,
    0.0,
    0.0
  ],
  {
    "normalized": "がぎぐげござじずぜぞだぢづでどばびぶべぼ",
    "types": [],
    "checks": []
  }
]
