register normalizers/mysql
[[0,0.0,0.0],true]
normalize   'NormalizerMySQLUnicode("version", "9.0.0", "accent_sensitive", true, "case_sensitive", true)'   "はハ"
[[0,0.0,0.0],{"normalized":"はハ","types":[],"checks":[]}]
