register normalizers/mysql
[[0,0.0,0.0],true]
normalize NormalizerMySQLGeneralCI "ｱ㌕ＡZ" WITH_CHECKS
[
  [
    0,
    0.0,
    0.0
  ],
  {
    "normalized": "ｱ㌕ＡZ",
    "types": [],
    "checks": [
      3,
      0,
      0,
      3,
      0,
      0,
      3,
      0,
      0,
      1
    ]
  }
]
