register normalizers/mysql
[[0,0.0,0.0],true]
normalize   'NormalizerMySQLUnicode900("weight_level", 2)'   "AÀÁÂÃÄÅaàáâãäåĀāĂăĄą"
[
  [
    0,
    0.0,
    0.0
  ],
  {
    "normalized": "AÀÁÂÃÄÅAÀÁÂÃÄÅĀĀĂĂĄĄ",
    "types": [],
    "checks": []
  }
]
